// Jest Snapshot v1, https://goo.gl/fbAQLP

exports[`TaskDetails are displayed 1`] = `
<div
  className="card z-depth-1 skill-summary flow-text center"
>
  <div
    className="card-content grey-text text-darken-3"
  >
    <span
      className="card-title black-text"
    >
      "
      Example task
      "
    </span>
    <p>
      Load other tasks
    </p>
    <p
      className="grey-text"
    >
      Created 
      <time
        dateTime="2020-05-19T21:45:45.000Z"
        title="5/19/2020, 3:45:45 PM"
      >
        18 hours ago
      </time>
    </p>
    
  </div>
</div>
`;
